// Jest Snapshot v1, https://goo.gl/fbAQLP

exports[`Pruebas del componente <Counter /> Debe hacer match con el snapshot 1`] = `
<div>
  <h1>
    Counter App
  </h1>
  <h2>
    100
  </h2>
  <button
    aria-label="btn-add"
  >
    +1
  </button>
  <button
    aria-label="btn-reset"
  >
    Reset
  </button>
  <button
    aria-label="btn-substract"
  >
    -1
  </button>
</div>
`;
