// Jest Snapshot v1, https://goo.gl/fbAQLP

exports[`Pruebas en el Componente <FirstApp/> Debe hacer match con el snapshopt 1`] = `
<div>
  <h1
    data-testid="test-title"
  >
    Hola soy Goku!
  </h1>
  <p>
    Subtitulo de muestra
  </p>
  <p>
    Subtitulo de muestra
  </p>
  <p>
    no name
  </p>
</div>
`;
