// Jest Snapshot v1, https://goo.gl/fbAQLP

exports[`Pruebas en el Componente <FirstApp/> Debe hacer match con el snapshopt 1`] = `
<div>
  <h1>
    Hola soy Goku!
  </h1>
  <p>
    Subtitullo de muestra
  </p>
  <p>
    no name
  </p>
</div>
`;
